// Vitest Snapshot v1, https://vitest.dev/guide/snapshot.html

exports[`WithPresenceIndicator > renders the activity dot for DM rooms only while active (online) 1`] = `
<DocumentFragment>
  <div
    class="mx_WithPresenceIndicator"
  >
    <span />
    <div
      class="mx_WithPresenceIndicator_icon"
    >
      <span
        aria-label="Online"
        class="mx_ActivityDot"
        role="img"
        style="--mx-activity: 1.000;"
      />
    </div>
  </div>
</DocumentFragment>
`;
